// Jest Snapshot v1, https://goo.gl/fbAQLP

exports[`Header load user wpk file set editorState isUserLogin to be true load and import user repo wpk file from server 
            export fake wpk w1;
            load and import w1;

            sceneTree should has w1->gameObjects;
             1`] = `
<article
  className="wonder-sceneTree-component"
  id="wonder-sceneTree-component"
>
  <article
    className="wonder-tree"
  >
    <ul
      className="wonder-tree-node"
    >
      <li>
        <div
          className="item-triangle"
          onMouseDown={[Function]}
        >
          <img
            src="./public/img/down.png"
          />
        </div>
        <div
          className="draggable-container  no-drag"
          draggable={false}
          id="sceneTreeNode-8"
          onClick={[Function]}
          onDragEnd={[Function]}
          onDragLeave={[Function]}
          onDragOver={[Function]}
          onDragStart={[Function]}
          onDrop={[Function]}
          style={Object {}}
        >
          <img
            className="treeNode-icon"
            src="./public/img/gameObjectIcon.png"
          />
          Scene
        </div>
      </li>
      <ul
        className="wonder-tree-node"
      >
        <li>
          <div
            className="item-triangle"
          />
          <div
            className="draggable-container  no-drag"
            draggable={true}
            id="sceneTreeNode-9"
            onClick={[Function]}
            onDragEnd={[Function]}
            onDragLeave={[Function]}
            onDragOver={[Function]}
            onDragStart={[Function]}
            onDrop={[Function]}
            style={Object {}}
          >
            <img
              className="treeNode-icon"
              src="./public/img/cameraIcon.png"
            />
            Camera
          </div>
        </li>
      </ul>
      <ul
        className="wonder-tree-node"
      >
        <li>
          <div
            className="item-triangle"
          />
          <div
            className="draggable-container  no-drag"
            draggable={true}
            id="sceneTreeNode-10"
            onClick={[Function]}
            onDragEnd={[Function]}
            onDragLeave={[Function]}
            onDragOver={[Function]}
            onDragStart={[Function]}
            onDrop={[Function]}
            style={Object {}}
          >
            <img
              className="treeNode-icon"
              src="./public/img/gameObjectIcon.png"
            />
            Cube
          </div>
        </li>
      </ul>
      <ul
        className="wonder-tree-node"
      >
        <li>
          <div
            className="item-triangle"
          />
          <div
            className="draggable-container  no-drag"
            draggable={true}
            id="sceneTreeNode-11"
            onClick={[Function]}
            onDragEnd={[Function]}
            onDragLeave={[Function]}
            onDragOver={[Function]}
            onDragStart={[Function]}
            onDrop={[Function]}
            style={Object {}}
          >
            <img
              className="treeNode-icon"
              src="./public/img/gameObjectIcon.png"
            />
            Cube
          </div>
        </li>
      </ul>
      <ul
        className="wonder-tree-node"
      >
        <li>
          <div
            className="item-triangle"
          />
          <div
            className="draggable-container  no-drag"
            draggable={true}
            id="sceneTreeNode-12"
            onClick={[Function]}
            onDragEnd={[Function]}
            onDragLeave={[Function]}
            onDragOver={[Function]}
            onDragStart={[Function]}
            onDrop={[Function]}
            style={Object {}}
          >
            <img
              className="treeNode-icon"
              src="./public/img/lightIcon.png"
            />
            Direction Light
          </div>
        </li>
      </ul>
      <ul
        className="wonder-tree-node"
      >
        <li>
          <div
            className="item-triangle"
          />
          <div
            className="draggable-container  no-drag"
            draggable={true}
            id="sceneTreeNode-13"
            onClick={[Function]}
            onDragEnd={[Function]}
            onDragLeave={[Function]}
            onDragOver={[Function]}
            onDragStart={[Function]}
            onDrop={[Function]}
            style={Object {}}
          >
            <img
              className="treeNode-icon"
              src="./public/img/gameObjectIcon.png"
            />
            Cube
          </div>
        </li>
      </ul>
    </ul>
  </article>
</article>
`;
